// Jest Snapshot v1, https://goo.gl/fbAQLP

exports[`rModel and onChange test 1`] = `
"
React.createElement(\\"input\\", {
  value: this.state.counter,
  onChange: e => {
    let _ref = e => {
      console.log(e.target.value);
    };

    _ref(e);

    let temp = e.target.value;
    this.setState(state => ({
      counter: temp
    }));
  }
});"
`;
